// Jest Snapshot v1, https://goo.gl/fbAQLP

exports[`Test on <Navigation /> component should not render with no props 1`] = `null`;
