// Jest Snapshot v1, https://goo.gl/fbAQLP

exports[`Test on <HeroBanner /> component should not render with no props 1`] = `null`;

exports[`Test on <HeroBanner /> component should render with min props 1`] = `
<div
  className="container-fluid containerBackground"
  id="homePage"
>
  <div
    className="row h-100"
  >
    <div
      className="col my-auto"
    >
      <h1
        className="display-4"
      >
        Cycle hire scheme.
      </h1>
      <form>
        <div
          className="row"
        >
          <div
            className="col-10 m-auto"
          >
            <div
              className="form-group text-left forms "
            >
              <label
                className="text-white"
                htmlFor="location"
              >
                Find a cycle to hire:
              </label>
              <input
                className="form-control"
                id="location"
                onChange={[Function]}
                placeholder="London, SW20, Waterloo..."
                type="text"
              />
            </div>
          </div>
        </div>
      </form>
    </div>
  </div>
</div>
`;
