// Jest Snapshot v1, https://goo.gl/fbAQLP

exports[`Test on <DataBanner /> component should not render with no props 1`] = `null`;

exports[`Test on <DataBanner /> component should render with min props 1`] = `
<div
  className="container pt-5 pb-5"
  id="DataBanner"
/>
`;
